[free.kurd4u.com/index.html]
[backblue.gif]
[fade.gif]
[index.html]
[free.kurd4u.com/css/framework7.bundle.min.css]
[free.kurd4u.com/css/app.css]
[free.kurd4u.com/css/my-app.css]
[cdnjs.cloudflare.com/ajax/libs/inobounce/0.2.0/inobounce.js]
[free.kurd4u.com/img/icon.png]
[free.kurd4u.com/img/icon-square.png]
[use.fontawesome.com/releases/v5.6.3/css/all.css]
[cdnjs.cloudflare.com/ajax/libs/animate.css/4.0.0/animate.min.css]
[pl20316480.highcpmrevenuegate.com/fa/86/6f/fa866f2b45b0d907ce82b45b2ba30bb3.js]
[pl20316636.highcpmrevenuegate.com/db/f3/db/dbf3dbc25e2418e4ee20f9b0892018fa.js]
[kurd4u.com/photo/free1.png]
[kurd4u.com/photo/vip.jpg]
[free.kurd4u.com/itms-services_/indexaee3.html]
[vip.kurd4u.com/img/vsvip.jpg]
[free.kurd4u.com/itms-services_/indexe852.html]
[kurd4u.com/photo/hillclimbracing2.jpg]
[kurd4u.com/photo/cutecutpro.png]
[free.kurd4u.com/itms-services_/index5999.html]
[kurd4u.com/photo/djay.png]
[kurd4u.com/photo/gtaiii.png]
[kurd4u.com/photo/moviespirit.png]
[kurd4u.com/photo/netflix.jpg]
[kurd4u.com/photo/limbo.png]
[free.kurd4u.com/itms-services_/index0a70.html]
[kurd4u.com/photo/shadowrocket.jpg]
[free.kurd4u.com/itms-services_/index86c2.html]
[i.ibb.co/4RVf13P/photo-2023-02-02-22-23-21.jpg]
[free.kurd4u.com/itms-services_/index70c1.html]
[kurd4u.com/photo/appleid.jpg]
[free.kurd4u.com/cdn-cgi/scripts/5c5dd728/cloudflare-static/email-decode.min.js]
[free.kurd4u.com/client.crisp.chat/l.js]
[free.kurd4u.com/itms-services_/indexc9ca.html]
[free.kurd4u.com/cdn-cgi/challenge-platform/h/b/scripts/alpha/invisible56155615.js]
[free.kurd4u.com/js/framework7.bundle.min.js]
[free.kurd4u.com/itms-services_/index571d.html]
[free.kurd4u.com/itms-services_/indexecfc.html]
[free.kurd4u.com/js/app.js]
[free.kurd4u.com/itms-services_/indexdd86.html]
[free.kurd4u.com/itms-services_/indexee18.html]
[free.kurd4u.com/js/link.1c.delayed]
[free.kurd4u.com/itms-services_/indexabb6.html]
[code.jquery.com/jquery-3.5.1.min.js]
[free.kurd4u.com/itms-services_/index6ce4.html]
[free.kurd4u.com/Get.1e.delayed]
[free.kurd4u.com/plists/addme.xml]
[free.kurd4u.com/index.html]
[free.kurd4u.com/css/framework7.bundle.min.css]
[free.kurd4u.com/itms-services_/indexeb1d.html]
[free.kurd4u.com/itms-services_/index12b3.html]
[free.kurd4u.com/itms-services_/index1053.html]
[free.kurd4u.com/itms-services_/indexf730.html]
[free.kurd4u.com/img/f7-icon.20.delayed]
[free.kurd4u.com/itms-services_/index4e58.html]
[free.kurd4u.com/img/vi-icon.png]
[free.kurd4u.com/css/app.css]
[free.kurd4u.com/css/my-app.css]
[free.kurd4u.com/img/icon.html]
[free.kurd4u.com/itms-services_/index7c1a.html]
[free.kurd4u.com/itms-services_/index1817.html]
[free.kurd4u.com/itms-services_/indexe661.html]
[free.kurd4u.com/img/icon-square.html]
[use.fontawesome.com/releases/v5.6.3/css/all.css]
[free.kurd4u.com/itms-services_/index919e.html]
[free.kurd4u.com/itms-services_/index9080.html]
[free.kurd4u.com/itms-services_/index29b4.html]
[cdnjs.cloudflare.com/ajax/libs/animate.css/4.0.0/animate.min.css]
[free.kurd4u.com/itms-services_/indexaee3.html]
[free.kurd4u.com/itms-services_/index8677.html]
[free.kurd4u.com/itms-services_/indexe852.html]
[free.kurd4u.com/itms-services_/index2fda.html]
[free.kurd4u.com/itms-services_/index37d5.html]
[free.kurd4u.com/itms-services_/index4998.html]
[free.kurd4u.com/itms-services_/index5999.html]
[free.kurd4u.com/itms-services_/index0a70.html]
[free.kurd4u.com/itms-services_/index86c2.html]
[free.kurd4u.com/itms-services_/index2192.html]
[free.kurd4u.com/itms-services_/index70c1.html]
[free.kurd4u.com/itms-services_/index77cd.html]
[free.kurd4u.com/itms-services_/index4fd2.html]
[free.kurd4u.com/itms-services_/indexc413.html]
[free.kurd4u.com/itms-services_/indexc9ca.html]
[free.kurd4u.com/itms-services_/index571d.html]
[free.kurd4u.com/itms-services_/indexecfc.html]
[free.kurd4u.com/itms-services_/indexc9b6.html]
[free.kurd4u.com/itms-services_/indexdd86.html]
[free.kurd4u.com/itms-services_/index9c16.html]
[free.kurd4u.com/itms-services_/index2ba4.html]
[free.kurd4u.com/itms-services_/index79f8.html]
[free.kurd4u.com/itms-services_/indexee18.html]
[free.kurd4u.com/itms-services_/indexabb6.html]
[free.kurd4u.com/itms-services_/index6ce4.html]
[free.kurd4u.com/itms-services_/indexf9f0.html]
[free.kurd4u.com/itms-services_/indexeb1d.html]
[free.kurd4u.com/itms-services_/indexdd41.html]
[free.kurd4u.com/itms-services_/index9cb8.html]
[free.kurd4u.com/itms-services_/indexb299.html]
[free.kurd4u.com/itms-services_/index1053.html]
[free.kurd4u.com/itms-services_/indexf730.html]
[free.kurd4u.com/itms-services_/index12b3.html]
[free.kurd4u.com/itms-services_/index1305.html]
[free.kurd4u.com/itms-services_/index4e58.html]
[free.kurd4u.com/itms-services_/index0b4a.html]
[free.kurd4u.com/itms-services_/indexa264.html]
[free.kurd4u.com/itms-services_/index41a7.html]
[free.kurd4u.com/itms-services_/indexe661.html]
[free.kurd4u.com/itms-services_/index7c1a.html]
[free.kurd4u.com/itms-services_/index1817.html]
[free.kurd4u.com/itms-services_/index8c51.html]
[free.kurd4u.com/itms-services_/index29b4.html]
[free.kurd4u.com/itms-services_/index8adb.html]
[free.kurd4u.com/itms-services_/index3658.html]
[free.kurd4u.com/itms-services_/index0e73.html]
[free.kurd4u.com/itms-services_/index919e.html]
[free.kurd4u.com/itms-services_/index9080.html]
[free.kurd4u.com/itms-services_/index8677.html]
[free.kurd4u.com/itms-services_/index52be.html]
[free.kurd4u.com/itms-services_/index37d5.html]
[free.kurd4u.com/itms-services_/index3daf.html]
[free.kurd4u.com/itms-services_/index9458.html]
[free.kurd4u.com/itms-services_/index110c.html]
[free.kurd4u.com/itms-services_/index2fda.html]
[free.kurd4u.com/itms-services_/index4998.html]
[free.kurd4u.com/itms-services_/index2192.html]
[free.kurd4u.com/itms-services_/index2924.html]
[free.kurd4u.com/itms-services_/index77cd.html]
[free.kurd4u.com/itms-services_/indexa7db.html]
[free.kurd4u.com/itms-services_/index3c52.html]
[free.kurd4u.com/itms-services_/index82ee.html]
[free.kurd4u.com/itms-services_/index4fd2.html]
[free.kurd4u.com/itms-services_/indexc413.html]
[free.kurd4u.com/itms-services_/indexc9b6.html]
[free.kurd4u.com/itms-services_/indexd56d.html]
[free.kurd4u.com/itms-services_/index9c16.html]
[free.kurd4u.com/itms-services_/index5e1b.html]
[free.kurd4u.com/itms-services_/index7b5e.html]
[free.kurd4u.com/itms-services_/index9578.html]
[free.kurd4u.com/itms-services_/index2ba4.html]
[free.kurd4u.com/itms-services_/index79f8.html]
[free.kurd4u.com/itms-services_/indexf9f0.html]
[free.kurd4u.com/itms-services_/indexdd41.html]
[free.kurd4u.com/itms-services_/index9cb8.html]
[free.kurd4u.com/itms-services_/indexb299.html]
[free.kurd4u.com/itms-services_/index1305.html]
[free.kurd4u.com/itms-services_/index0b4a.html]
[free.kurd4u.com/itms-services_/indexa264.html]
[free.kurd4u.com/itms-services_/index41a7.html]
[free.kurd4u.com/itms-services_/index8c51.html]
[free.kurd4u.com/itms-services_/index8adb.html]
[free.kurd4u.com/itms-services_/index3658.html]
[free.kurd4u.com/itms-services_/index0e73.html]
[free.kurd4u.com/itms-services_/index52be.html]
[free.kurd4u.com/itms-services_/index3daf.html]
[free.kurd4u.com/itms-services_/index9458.html]
[free.kurd4u.com/itms-services_/index110c.html]
[free.kurd4u.com/itms-services_/index2924.html]
[free.kurd4u.com/itms-services_/indexa7db.html]
[free.kurd4u.com/itms-services_/index3c52.html]
[free.kurd4u.com/itms-services_/index82ee.html]
[free.kurd4u.com/itms-services_/indexd56d.html]
[free.kurd4u.com/itms-services_/index5e1b.html]
[free.kurd4u.com/itms-services_/index7b5e.html]
[free.kurd4u.com/itms-services_/index9578.html]
[free.kurd4u.com/itms-services_/index2bba.html]
[free.kurd4u.com/itms-services_/index2bba.html]
[free.kurd4u.com/cdn-cgi/scripts/5c5dd728/cloudflare-static/email-decode.min.html]
[free.kurd4u.com/client.crisp.chat/l.html]
[free.kurd4u.com/cdn-cgi/challenge-platform/h/b/scripts/alpha/invisible56155615.html]
[free.kurd4u.com/{{/index.html]
[free.kurd4u.com/{/index.html]
[free.kurd4u.com/Edge/index.html]
[free.kurd4u.com/Gecko/index.html]
[free.kurd4u.com/Firefox/index.html]
[free.kurd4u.com/index-2.html]
[free.kurd4u.com/Version/index.html]
[free.kurd4u.com/js/framework7.bundle.min.js]
[free.kurd4u.com/js/app.js]
[free.kurd4u.com/js/link.html]
[free.kurd4u.com/Get.html]
[free.kurd4u.com/plists/addme.html]
[free.kurd4u.com/img/f7-icon.html]
[free.kurd4u.com/img/vi-icon.html]
[free.kurd4u.com/{/index.html]
[free.kurd4u.com/{{/index.html]
[free.kurd4u.com/Edge/index.html]
[free.kurd4u.com/Gecko/index.html]
[free.kurd4u.com/Firefox/index.html]
[free.kurd4u.com/Version/index.html]
[free.kurd4u.com/version/index-2.html]
[free.kurd4u.com/version/index-2.html]
[free.kurd4u.com/index-2.html]
